Archive member included to satisfy reference by file (symbol)

c:/program files (x86)/embitz/1.11/share/em_armgcc/bin/../lib/gcc/arm-none-eabi/5.4.1/armv6-m\libgcc.a(_udivsi3.o)
                              output\obj\debug\core\src\main.o (__aeabi_uidiv)
c:/program files (x86)/embitz/1.11/share/em_armgcc/bin/../lib/gcc/arm-none-eabi/5.4.1/armv6-m\libgcc.a(_dvmd_tls.o)
                              c:/program files (x86)/embitz/1.11/share/em_armgcc/bin/../lib/gcc/arm-none-eabi/5.4.1/armv6-m\libgcc.a(_udivsi3.o) (__aeabi_idiv0)
c:/program files (x86)/embitz/1.11/share/em_armgcc/bin/../lib/gcc/arm-none-eabi/5.4.1/../../../../arm-none-eabi/lib/armv6-m\libg.a(lib_a-memset.o)
                              output\obj\debug\core\src\main.o (memset)

Allocating common symbols
Common symbol       size              file

UnitID              0xc               output\obj\debug\core\bsp\unicon\unicon.o

Discarded input sections

 .group         0x00000000        0x8 output\obj\debug\core\bsp\unicon\drivers\io.o
 .group         0x00000000        0x8 output\obj\debug\core\bsp\unicon\drivers\io.o
 .group         0x00000000        0x8 output\obj\debug\core\bsp\unicon\drivers\io.o
 .group         0x00000000        0x8 output\obj\debug\core\bsp\unicon\drivers\io.o
 .group         0x00000000        0x8 output\obj\debug\core\bsp\unicon\drivers\io.o
 .group         0x00000000        0x8 output\obj\debug\core\bsp\unicon\drivers\io.o
 .group         0x00000000        0x8 output\obj\debug\core\bsp\unicon\drivers\io.o
 .group         0x00000000        0x8 output\obj\debug\core\bsp\unicon\drivers\io.o
 .group         0x00000000        0x8 output\obj\debug\core\bsp\unicon\drivers\io.o
 .group         0x00000000        0x8 output\obj\debug\core\bsp\unicon\drivers\io.o
 .group         0x00000000        0x8 output\obj\debug\core\bsp\unicon\drivers\io.o
 .group         0x00000000        0x8 output\obj\debug\core\bsp\unicon\drivers\io.o
 .group         0x00000000        0x8 output\obj\debug\core\bsp\unicon\drivers\io.o
 .group         0x00000000        0x8 output\obj\debug\core\bsp\unicon\drivers\io.o
 .group         0x00000000        0x8 output\obj\debug\core\bsp\unicon\drivers\io.o
 .group         0x00000000        0x8 output\obj\debug\core\bsp\unicon\drivers\io.o
 .group         0x00000000        0x8 output\obj\debug\core\bsp\unicon\drivers\io.o
 .group         0x00000000        0x8 output\obj\debug\core\bsp\unicon\drivers\io.o
 .group         0x00000000        0x8 output\obj\debug\core\bsp\unicon\drivers\io.o
 .group         0x00000000        0x8 output\obj\debug\core\bsp\unicon\drivers\io.o
 .group         0x00000000        0x8 output\obj\debug\core\bsp\unicon\drivers\io.o
 .group         0x00000000        0x8 output\obj\debug\core\bsp\unicon\drivers\io.o
 .group         0x00000000        0x8 output\obj\debug\core\bsp\unicon\drivers\io.o
 .group         0x00000000        0x8 output\obj\debug\core\bsp\unicon\drivers\io.o
 .group         0x00000000        0x8 output\obj\debug\core\bsp\unicon\drivers\io.o
 .group         0x00000000        0x8 output\obj\debug\core\bsp\unicon\drivers\io.o
 .group         0x00000000        0x8 output\obj\debug\core\bsp\unicon\drivers\io.o
 .group         0x00000000        0x8 output\obj\debug\core\bsp\unicon\drivers\io.o
 .group         0x00000000        0x8 output\obj\debug\core\bsp\unicon\drivers\io.o
 .group         0x00000000        0x8 output\obj\debug\core\bsp\unicon\drivers\io.o
 .group         0x00000000        0x8 output\obj\debug\core\bsp\unicon\drivers\io.o
 .group         0x00000000        0x8 output\obj\debug\core\bsp\unicon\drivers\io.o
 .group         0x00000000        0x8 output\obj\debug\core\bsp\unicon\drivers\io.o
 .group         0x00000000        0x8 output\obj\debug\core\bsp\unicon\drivers\io.o
 .group         0x00000000        0x8 output\obj\debug\core\bsp\unicon\drivers\io.o
 .group         0x00000000        0x8 output\obj\debug\core\bsp\unicon\drivers\io.o
 .group         0x00000000        0x8 output\obj\debug\core\bsp\unicon\drivers\io.o
 .group         0x00000000        0x8 output\obj\debug\core\bsp\unicon\drivers\io.o
 .group         0x00000000        0x8 output\obj\debug\core\bsp\unicon\drivers\io.o
 .group         0x00000000        0x8 output\obj\debug\core\bsp\unicon\drivers\io.o
 .group         0x00000000        0x8 output\obj\debug\core\bsp\unicon\drivers\io.o
 .group         0x00000000        0x8 output\obj\debug\core\bsp\unicon\drivers\io.o
 .group         0x00000000        0x8 output\obj\debug\core\bsp\unicon\drivers\io.o
 .text          0x00000000        0x0 output\obj\debug\core\bsp\unicon\drivers\io.o
 .data          0x00000000        0x0 output\obj\debug\core\bsp\unicon\drivers\io.o
 .bss           0x00000000        0x0 output\obj\debug\core\bsp\unicon\drivers\io.o
 .rodata.CHANNEL_OFFSET_TAB
                0x00000000        0x5 output\obj\debug\core\bsp\unicon\drivers\io.o
 .debug_info    0x00000000       0xd4 output\obj\debug\core\bsp\unicon\drivers\io.o
[...]
Memory Configuration

Name             Origin             Length             Attributes
ROM              0x08000000         0x00010000         xr
RAM              0x20000000         0x00002000         xrw
*default*        0x00000000         0xffffffff

Linker script and memory map

                0x00000400                __HEAP_SIZE = 0x400
                0x00000100                __STACK_SIZE = 0x100

.text           0x08000000      0xcd8
 *(.isr_vector)
 .isr_vector    0x08000000       0xc4 output\obj\debug\startup\startup_stm32f0xx.o
                0x08000000                __isr_vector
 *(.text*)
 .text.LL_GPIO_ResetOutputPin
                0x080000c4       0x18 output\obj\debug\core\bsp\unicon\unicon.o
 .text.UNI_Start
                0x080000dc       0x2c output\obj\debug\core\bsp\unicon\unicon.o
                0x080000dc                UNI_Start
 .text.UNI_Process
                0x08000108       0x2c output\obj\debug\core\bsp\unicon\unicon.o
                0x08000108                UNI_Process
 .text.UNI_GetID
                0x08000134       0x50 output\obj\debug\core\bsp\unicon\unicon.o
                0x08000134                UNI_GetID
 .text.UNI_SystemIRQ
                0x08000184       0x2c output\obj\debug\core\bsp\unicon\unicon.o
                0x08000184                UNI_SystemIRQ
 .text.NVIC_SetPriority
                0x080001b0       0xdc output\obj\debug\core\src\main.o
 .text.SysTick_Config
                0x0800028c       0x48 output\obj\debug\core\src\main.o
 .text.LL_RCC_HSI_Enable
                0x080002d4       0x1c output\obj\debug\core\src\main.o
 .text.LL_RCC_HSI_IsReady
                0x080002f0       0x1c output\obj\debug\core\src\main.o
 .text.LL_RCC_HSI_SetCalibTrimming
                0x0800030c       0x28 output\obj\debug\core\src\main.o
 .text.LL_RCC_SetSysClkSource
                0x08000334       0x28 output\obj\debug\core\src\main.o
 .text.LL_RCC_GetSysClkSource
                0x0800035c       0x18 output\obj\debug\core\src\main.o
 .text.LL_RCC_SetAHBPrescaler
                0x08000374       0x28 output\obj\debug\core\src\main.o
 .text.LL_RCC_SetAPB1Prescaler
                0x0800039c       0x28 output\obj\debug\core\src\main.o
 .text.LL_AHB1_GRP1_EnableClock
                0x080003c4       0x2c output\obj\debug\core\src\main.o
 .text.LL_APB1_GRP1_EnableClock
                0x080003f0       0x2c output\obj\debug\core\src\main.o
 .text.LL_APB1_GRP2_EnableClock
                0x0800041c       0x2c output\obj\debug\core\src\main.o
 .text.LL_FLASH_SetLatency
                0x08000448       0x28 output\obj\debug\core\src\main.o
 .text.LL_FLASH_GetLatency
                0x08000470       0x18 output\obj\debug\core\src\main.o
 .text.LL_SYSTICK_SetClkSource
                0x08000488       0x34 output\obj\debug\core\src\main.o
 .text.LL_GPIO_ResetOutputPin
                0x080004bc       0x18 output\obj\debug\core\src\main.o
 .text.main     0x080004d4       0x68 output\obj\debug\core\src\main.o
                0x080004d4                main
 .text.SystemClock_Config
                0x0800053c       0x68 output\obj\debug\core\src\main.o
                0x0800053c                SystemClock_Config
 .text.MX_GPIO_Init
                0x080005a4      0x10c output\obj\debug\core\src\main.o
 .text.Error_Handler
                0x080006b0        0xc output\obj\debug\core\src\main.o
                0x080006b0                Error_Handler
 .text.NMI_Handler
                0x080006bc        0xc output\obj\debug\core\src\stm32f0xx_it.o
                0x080006bc                NMI_Handler
 .text.HardFault_Handler
                0x080006c8        0x8 output\obj\debug\core\src\stm32f0xx_it.o
                0x080006c8                HardFault_Handler
 .text.SVC_Handler
                0x080006d0        0xc output\obj\debug\core\src\stm32f0xx_it.o
                0x080006d0                SVC_Handler
 .text.PendSV_Handler
                0x080006dc        0xc output\obj\debug\core\src\stm32f0xx_it.o
                0x080006dc                PendSV_Handler
 .text.SysTick_Handler
                0x080006e8       0x1c output\obj\debug\core\src\stm32f0xx_it.o
                0x080006e8                SysTick_Handler
 .text.SystemInit
                0x08000704       0x88 output\obj\debug\core\src\system_stm32f0xx.o
                0x08000704                SystemInit
 .text.LL_GPIO_SetPinMode
                0x0800078c       0x3c output\obj\debug\drivers\stm32f0xx_hal_driver\src\stm32f0xx_ll_gpio.o
 .text.LL_GPIO_SetPinOutputType
                0x080007c8       0x2c output\obj\debug\drivers\stm32f0xx_hal_driver\src\stm32f0xx_ll_gpio.o
 .text.LL_GPIO_SetPinSpeed
                0x080007f4       0x3c output\obj\debug\drivers\stm32f0xx_hal_driver\src\stm32f0xx_ll_gpio.o
 .text.LL_GPIO_SetPinPull
                0x08000830       0x3c output\obj\debug\drivers\stm32f0xx_hal_driver\src\stm32f0xx_ll_gpio.o
 .text.LL_GPIO_SetAFPin_0_7
                0x0800086c       0x4c output\obj\debug\drivers\stm32f0xx_hal_driver\src\stm32f0xx_ll_gpio.o
 .text.LL_GPIO_SetAFPin_8_15
                0x080008b8       0x5c output\obj\debug\drivers\stm32f0xx_hal_driver\src\stm32f0xx_ll_gpio.o
 .text.LL_GPIO_Init
                0x08000914       0xcc output\obj\debug\drivers\stm32f0xx_hal_driver\src\stm32f0xx_ll_gpio.o
                0x08000914                LL_GPIO_Init
 .text.LL_InitTick
                0x080009e0       0x34 output\obj\debug\drivers\stm32f0xx_hal_driver\src\stm32f0xx_ll_utils.o
 .text.LL_Init1msTick
                0x08000a14       0x20 output\obj\debug\drivers\stm32f0xx_hal_driver\src\stm32f0xx_ll_utils.o
                0x08000a14                LL_Init1msTick
 .text.LL_mDelay
                0x08000a34       0x44 output\obj\debug\drivers\stm32f0xx_hal_driver\src\stm32f0xx_ll_utils.o
                0x08000a34                LL_mDelay
 .text.LL_SetSystemCoreClock
                0x08000a78       0x1c output\obj\debug\drivers\stm32f0xx_hal_driver\src\stm32f0xx_ll_utils.o
                0x08000a78                LL_SetSystemCoreClock
 .text          0x08000a94       0xa0 output\obj\debug\startup\startup_stm32f0xx.o
                0x08000a94                Reset_Handler
                0x08000ac8                _start
                0x08000ae8                Default_Handler
                0x08000aea                WWDG_IRQHandler
                0x08000aec                PVD_IRQHandler
                0x08000aee                RTC_IRQHandler
                0x08000af0                FLASH_IRQHandler
                0x08000af2                RCC_IRQHandler
                0x08000af4                EXTI0_1_IRQHandler
                0x08000af6                EXTI2_3_IRQHandler
                0x08000af8                EXTI4_15_IRQHandler
                0x08000afa                TS_IRQHandler
                0x08000afc                DMA1_Channel1_IRQHandler
                0x08000afe                DMA1_Channel2_3_IRQHandler
                0x08000b00                DMA1_Channel4_5_IRQHandler
                0x08000b02                ADC1_COMP_IRQHandler
                0x08000b04                TIM1_BRK_UP_TRG_COM_IRQHandler
                0x08000b06                TIM1_CC_IRQHandler
                0x08000b08                TIM2_IRQHandler
                0x08000b0a                TIM3_IRQHandler
                0x08000b0c                TIM6_DAC_IRQHandler
                0x08000b0e                TIM7_IRQHandler
                0x08000b10                TIM14_IRQHandler
                0x08000b12                TIM15_IRQHandler
                0x08000b14                TIM16_IRQHandler
                0x08000b16                TIM17_IRQHandler
                0x08000b18                I2C1_IRQHandler
                0x08000b1a                I2C2_IRQHandler
                0x08000b1c                SPI1_IRQHandler
                0x08000b1e                SPI2_IRQHandler
                0x08000b20                USART1_IRQHandler
                0x08000b22                USART2_IRQHandler
                0x08000b24                USART3_4_IRQHandler
                0x08000b26                CEC_IRQHandler
                0x08000b28                USB_IRQHandler
                0x08000b2a                BootRAM
 .text          0x08000b34      0x114 c:/program files (x86)/embitz/1.11/share/em_armgcc/bin/../lib/gcc/arm-none-eabi/5.4.1/armv6-m\libgcc.a(_udivsi3.o)
                0x08000b34                __aeabi_uidiv
                0x08000b34                __udivsi3
                0x08000c40                __aeabi_uidivmod
 .text          0x08000c48        0x4 c:/program files (x86)/embitz/1.11/share/em_armgcc/bin/../lib/gcc/arm-none-eabi/5.4.1/armv6-m\libgcc.a(_dvmd_tls.o)
                0x08000c48                __aeabi_idiv0
                0x08000c48                __aeabi_ldiv0
 .text.memset   0x08000c4c       0x8c c:/program files (x86)/embitz/1.11/share/em_armgcc/bin/../lib/gcc/arm-none-eabi/5.4.1/../../../../arm-none-eabi/lib/armv6-m\libg.a(lib_a-memset.o)
                0x08000c4c                memset
 *(.init)
 *(.fini)
 *crtbegin.o(.ctors)
 *crtbegin?.o(.ctors)
 *(EXCLUDE_FILE(*crtend.o *crtend?.o) .ctors)
 *(SORT(.ctors.*))
 *(.ctors)
 *crtbegin.o(.dtors)
 *crtbegin?.o(.dtors)
 *(EXCLUDE_FILE(*crtend.o *crtend?.o) .dtors)
 *(SORT(.dtors.*))
 *(.dtors)
 *(.rodata*)
 *(.eh_frame*)

.glue_7         0x08000cd8        0x0
 .glue_7        0x08000cd8        0x0 linker stubs

.glue_7t        0x08000cd8        0x0
 .glue_7t       0x08000cd8        0x0 linker stubs

.vfp11_veneer   0x08000cd8        0x0
 .vfp11_veneer  0x08000cd8        0x0 linker stubs

.v4_bx          0x08000cd8        0x0
 .v4_bx         0x08000cd8        0x0 linker stubs

.iplt           0x08000cd8        0x0
 .iplt          0x08000cd8        0x0 output\obj\debug\core\bsp\unicon\drivers\io.o

.rel.dyn        0x08000cd8        0x0
 .rel.iplt      0x08000cd8        0x0 output\obj\debug\core\bsp\unicon\drivers\io.o

.ARM.extab
 *(.ARM.extab* .gnu.linkonce.armextab.*)
                0x08000cd8                __exidx_start = .

.ARM.exidx
 *(.ARM.exidx* .gnu.linkonce.armexidx.*)
                0x08000cd8                __exidx_end = .
                0x08000cd8                __etext = .

.data           0x20000000        0x4 load address 0x08000cd8
                0x20000000                __data_start__ = .
 *(vtable)
 *(.data*)
 .data.SystemCoreClock
                0x20000000        0x4 output\obj\debug\core\src\system_stm32f0xx.o
                0x20000000                SystemCoreClock
                0x20000004                . = ALIGN (0x4)
                [!provide]                PROVIDE (__preinit_array_start, .)
 *(.preinit_array)
                [!provide]                PROVIDE (__preinit_array_end, .)
                0x20000004                . = ALIGN (0x4)
                [!provide]                PROVIDE (__init_array_start, .)
 *(SORT(.init_array.*))
 *(.init_array)
                [!provide]                PROVIDE (__init_array_end, .)
                0x20000004                . = ALIGN (0x4)
                [!provide]                PROVIDE (__fini_array_start, .)
 *(SORT(.fini_array.*))
 *(.fini_array)
                [!provide]                PROVIDE (__fini_array_end, .)
                0x20000004                . = ALIGN (0x4)
                0x20000004                __data_end__ = .

.igot.plt       0x20000004        0x0 load address 0x08000cdc
 .igot.plt      0x20000004        0x0 output\obj\debug\core\bsp\unicon\drivers\io.o

.bss            0x20000004       0x1c load address 0x08000cdc
                0x20000004                __bss_start__ = .
 *(.bss*)
 .bss.delay.7366
                0x20000004        0x4 output\obj\debug\core\bsp\unicon\unicon.o
 .bss.delay.7386
                0x20000008        0x4 output\obj\debug\core\bsp\unicon\unicon.o
 .bss.delay.7364
                0x2000000c        0x4 output\obj\debug\core\src\main.o
 .bss.timestamp
                0x20000010        0x4 output\obj\debug\core\src\stm32f0xx_it.o
                0x20000010                timestamp
 *(COMMON)
 COMMON         0x20000014        0xc output\obj\debug\core\bsp\unicon\unicon.o
                0x20000014                UnitID
                0x20000020                __bss_end__ = .

.heap           0x20000020      0x400
                0x20000020                __end__ = .
                0x20000020                end = __end__
 *(.heap*)
 .heap          0x20000020      0x400 output\obj\debug\startup\startup_stm32f0xx.o
                0x20000020                __HeapBase
                0x20000420                __HeapLimit = .

.stack_dummy    0x20000020      0x100
 *(.stack)
 .stack         0x20000020      0x100 output\obj\debug\startup\startup_stm32f0xx.o
                0x20002000                __StackTop = (ORIGIN (RAM) + LENGTH (RAM))
                0x20001f00                __StackLimit = (__StackTop - SIZEOF (.stack_dummy))
                [!provide]                PROVIDE (__stack, __StackTop)
                0x00000001                ASSERT ((__StackLimit >= __HeapLimit), region RAM overflowed with stack)
LOAD output\obj\debug\core\bsp\unicon\drivers\io.o
LOAD output\obj\debug\core\bsp\unicon\unicon.o
LOAD output\obj\debug\core\src\main.o
LOAD output\obj\debug\core\src\stm32f0xx_it.o
LOAD output\obj\debug\core\src\system_stm32f0xx.o
LOAD output\obj\debug\drivers\stm32f0xx_hal_driver\src\stm32f0xx_ll_adc.o
LOAD output\obj\debug\drivers\stm32f0xx_hal_driver\src\stm32f0xx_ll_dma.o
LOAD output\obj\debug\drivers\stm32f0xx_hal_driver\src\stm32f0xx_ll_exti.o
LOAD output\obj\debug\drivers\stm32f0xx_hal_driver\src\stm32f0xx_ll_gpio.o
LOAD output\obj\debug\drivers\stm32f0xx_hal_driver\src\stm32f0xx_ll_i2c.o
LOAD output\obj\debug\drivers\stm32f0xx_hal_driver\src\stm32f0xx_ll_pwr.o
LOAD output\obj\debug\drivers\stm32f0xx_hal_driver\src\stm32f0xx_ll_rcc.o
LOAD output\obj\debug\drivers\stm32f0xx_hal_driver\src\stm32f0xx_ll_rtc.o
LOAD output\obj\debug\drivers\stm32f0xx_hal_driver\src\stm32f0xx_ll_tim.o
LOAD output\obj\debug\drivers\stm32f0xx_hal_driver\src\stm32f0xx_ll_usart.o
LOAD output\obj\debug\drivers\stm32f0xx_hal_driver\src\stm32f0xx_ll_utils.o
LOAD output\obj\debug\startup\startup_stm32f0xx.o
LOAD c:/program files (x86)/embitz/1.11/share/em_armgcc/bin/../lib/gcc/arm-none-eabi/5.4.1/../../../../arm-none-eabi/lib/armv6-m\libm.a
START GROUP
LOAD c:/program files (x86)/embitz/1.11/share/em_armgcc/bin/../lib/gcc/arm-none-eabi/5.4.1/armv6-m\libgcc.a
LOAD c:/program files (x86)/embitz/1.11/share/em_armgcc/bin/../lib/gcc/arm-none-eabi/5.4.1/../../../../arm-none-eabi/lib/armv6-m\libg.a
LOAD c:/program files (x86)/embitz/1.11/share/em_armgcc/bin/../lib/gcc/arm-none-eabi/5.4.1/../../../../arm-none-eabi/lib/armv6-m\libc.a
END GROUP
START GROUP
LOAD c:/program files (x86)/embitz/1.11/share/em_armgcc/bin/../lib/gcc/arm-none-eabi/5.4.1/armv6-m\libgcc.a
LOAD c:/program files (x86)/embitz/1.11/share/em_armgcc/bin/../lib/gcc/arm-none-eabi/5.4.1/../../../../arm-none-eabi/lib/armv6-m\libc.a
LOAD c:/program files (x86)/embitz/1.11/share/em_armgcc/bin/../lib/gcc/arm-none-eabi/5.4.1/../../../../arm-none-eabi/lib/armv6-m\libnosys.a
END GROUP
OUTPUT(Output\bin\Debug\ihouse.elf elf32-littlearm)

.debug_info     0x00000000     0x1dac
 .debug_info    0x00000000      0x3f6 output\obj\debug\core\bsp\unicon\unicon.o
 .debug_info    0x000003f6      0x900 output\obj\debug\core\src\main.o
 .debug_info    0x00000cf6      0x1c5 output\obj\debug\core\src\stm32f0xx_it.o
 .debug_info    0x00000ebb      0x239 output\obj\debug\core\src\system_stm32f0xx.o
 .debug_info    0x000010f4      0x522 output\obj\debug\drivers\stm32f0xx_hal_driver\src\stm32f0xx_ll_gpio.o
 .debug_info    0x00001616      0x734 output\obj\debug\drivers\stm32f0xx_hal_driver\src\stm32f0xx_ll_utils.o
 .debug_info    0x00001d4a       0x62 output\obj\debug\startup\startup_stm32f0xx.o

.debug_abbrev   0x00000000      0x8f8
 .debug_abbrev  0x00000000      0x1ad output\obj\debug\core\bsp\unicon\unicon.o
 .debug_abbrev  0x000001ad      0x23b output\obj\debug\core\src\main.o
 .debug_abbrev  0x000003e8       0xaa output\obj\debug\core\src\stm32f0xx_it.o
 .debug_abbrev  0x00000492       0xf3 output\obj\debug\core\src\system_stm32f0xx.o
 .debug_abbrev  0x00000585      0x15f output\obj\debug\drivers\stm32f0xx_hal_driver\src\stm32f0xx_ll_gpio.o
 .debug_abbrev  0x000006e4      0x200 output\obj\debug\drivers\stm32f0xx_hal_driver\src\stm32f0xx_ll_utils.o
 .debug_abbrev  0x000008e4       0x14 output\obj\debug\startup\startup_stm32f0xx.o

.debug_aranges  0x00000000      0x2f8
 .debug_aranges
                0x00000000       0x60 output\obj\debug\core\bsp\unicon\unicon.o
 .debug_aranges
                0x00000060       0xb8 output\obj\debug\core\src\main.o
 .debug_aranges
                0x00000118       0x40 output\obj\debug\core\src\stm32f0xx_it.o
 .debug_aranges
                0x00000158       0x28 output\obj\debug\core\src\system_stm32f0xx.o
 .debug_aranges
                0x00000180       0x70 output\obj\debug\drivers\stm32f0xx_hal_driver\src\stm32f0xx_ll_gpio.o
 .debug_aranges
                0x000001f0       0xe8 output\obj\debug\drivers\stm32f0xx_hal_driver\src\stm32f0xx_ll_utils.o
 .debug_aranges
                0x000002d8       0x20 output\obj\debug\startup\startup_stm32f0xx.o

.debug_ranges   0x00000000      0x278
 .debug_ranges  0x00000000       0x50 output\obj\debug\core\bsp\unicon\unicon.o
 .debug_ranges  0x00000050       0xa8 output\obj\debug\core\src\main.o
 .debug_ranges  0x000000f8       0x30 output\obj\debug\core\src\stm32f0xx_it.o
 .debug_ranges  0x00000128       0x18 output\obj\debug\core\src\system_stm32f0xx.o
 .debug_ranges  0x00000140       0x60 output\obj\debug\drivers\stm32f0xx_hal_driver\src\stm32f0xx_ll_gpio.o
 .debug_ranges  0x000001a0       0xd8 output\obj\debug\drivers\stm32f0xx_hal_driver\src\stm32f0xx_ll_utils.o

.debug_macro    0x00000000     0x18c2
 .debug_macro   0x00000000      0x2df output\obj\debug\core\bsp\unicon\unicon.o
 .debug_macro   0x000002df       0x4c output\obj\debug\core\bsp\unicon\unicon.o
 .debug_macro   0x0000032b       0x8d output\obj\debug\core\bsp\unicon\unicon.o
 .debug_macro   0x000003b8       0x16 output\obj\debug\core\bsp\unicon\unicon.o
 .debug_macro   0x000003ce       0x4a output\obj\debug\core\bsp\unicon\unicon.o
 .debug_macro   0x00000418       0x97 output\obj\debug\core\bsp\unicon\unicon.o
 .debug_macro   0x000004af       0xfd output\obj\debug\core\bsp\unicon\unicon.o
 .debug_macro   0x000005ac       0x10 output\obj\debug\core\bsp\unicon\unicon.o
 .debug_macro   0x000005bc       0x10 output\obj\debug\core\bsp\unicon\unicon.o
 .debug_macro   0x000005cc       0x1c output\obj\debug\core\bsp\unicon\unicon.o
 .debug_macro   0x000005e8       0x52 output\obj\debug\core\bsp\unicon\unicon.o
 .debug_macro   0x0000063a       0x40 output\obj\debug\core\bsp\unicon\unicon.o
 .debug_macro   0x0000067a       0x10 output\obj\debug\core\bsp\unicon\unicon.o
 .debug_macro   0x0000068a       0x40 output\obj\debug\core\bsp\unicon\unicon.o
 .debug_macro   0x000006ca       0xd7 output\obj\debug\core\bsp\unicon\unicon.o
 .debug_macro   0x000007a1       0x16 output\obj\debug\core\bsp\unicon\unicon.o
 .debug_macro   0x000007b7      0x189 output\obj\debug\core\bsp\unicon\unicon.o
 .debug_macro   0x00000940       0x16 output\obj\debug\core\bsp\unicon\unicon.o
 .debug_macro   0x00000956      0x2ef output\obj\debug\core\src\main.o
 .debug_macro   0x00000c45       0x34 output\obj\debug\core\src\main.o
 .debug_macro   0x00000c79      0x25c output\obj\debug\core\src\stm32f0xx_it.o
 .debug_macro   0x00000ed5      0x5c7 output\obj\debug\core\src\stm32f0xx_it.o
 .debug_macro   0x0000149c       0xd1 output\obj\debug\core\src\system_stm32f0xx.o
 .debug_macro   0x0000156d      0x101 output\obj\debug\drivers\stm32f0xx_hal_driver\src\stm32f0xx_ll_gpio.o
 .debug_macro   0x0000166e      0x126 output\obj\debug\drivers\stm32f0xx_hal_driver\src\stm32f0xx_ll_gpio.o
 .debug_macro   0x00001794      0x12e output\obj\debug\drivers\stm32f0xx_hal_driver\src\stm32f0xx_ll_utils.o

.debug_line     0x00000000     0x1fdf
 .debug_line    0x00000000      0x63d output\obj\debug\core\bsp\unicon\unicon.o
 .debug_line    0x0000063d      0x746 output\obj\debug\core\src\main.o
 .debug_line    0x00000d83      0x552 output\obj\debug\core\src\stm32f0xx_it.o
 .debug_line    0x000012d5      0x2e2 output\obj\debug\core\src\system_stm32f0xx.o
 .debug_line    0x000015b7      0x419 output\obj\debug\drivers\stm32f0xx_hal_driver\src\stm32f0xx_ll_gpio.o
 .debug_line    0x000019d0      0x572 output\obj\debug\drivers\stm32f0xx_hal_driver\src\stm32f0xx_ll_utils.o
 .debug_line    0x00001f42       0x9d output\obj\debug\startup\startup_stm32f0xx.o

.debug_str      0x00000000    0x4264d
 .debug_str     0x00000000    0x3e014 output\obj\debug\core\bsp\unicon\unicon.o
                              0x3e256 (size before relaxing)
 .debug_str     0x0003e014      0x412 output\obj\debug\core\src\main.o
                              0x3e66b (size before relaxing)
 .debug_str     0x0003e426     0x2fe7 output\obj\debug\core\src\stm32f0xx_it.o
                              0x3ff8d (size before relaxing)
 .debug_str     0x0004140d       0xd5 output\obj\debug\core\src\system_stm32f0xx.o
                              0x35215 (size before relaxing)
 .debug_str     0x000414e2      0x534 output\obj\debug\drivers\stm32f0xx_hal_driver\src\stm32f0xx_ll_gpio.o
                              0x363ee (size before relaxing)
 .debug_str     0x00041a16      0xc37 output\obj\debug\drivers\stm32f0xx_hal_driver\src\stm32f0xx_ll_utils.o
                              0x3872b (size before relaxing)

.comment        0x00000000       0x6e
 .comment       0x00000000       0x6e output\obj\debug\core\bsp\unicon\unicon.o
                                 0x6f (size before relaxing)
 .comment       0x0000006e       0x6f output\obj\debug\core\src\main.o
 .comment       0x0000006e       0x6f output\obj\debug\core\src\stm32f0xx_it.o
 .comment       0x0000006e       0x6f output\obj\debug\core\src\system_stm32f0xx.o
 .comment       0x0000006e       0x6f output\obj\debug\drivers\stm32f0xx_hal_driver\src\stm32f0xx_ll_gpio.o
 .comment       0x0000006e       0x6f output\obj\debug\drivers\stm32f0xx_hal_driver\src\stm32f0xx_ll_utils.o

.ARM.attributes
                0x00000000       0x2f
 .ARM.attributes
                0x00000000       0x31 output\obj\debug\core\bsp\unicon\unicon.o
 .ARM.attributes
                0x00000031       0x31 output\obj\debug\core\src\main.o
 .ARM.attributes
                0x00000062       0x31 output\obj\debug\core\src\stm32f0xx_it.o
 .ARM.attributes
                0x00000093       0x31 output\obj\debug\core\src\system_stm32f0xx.o
 .ARM.attributes
                0x000000c4       0x31 output\obj\debug\drivers\stm32f0xx_hal_driver\src\stm32f0xx_ll_gpio.o
 .ARM.attributes
                0x000000f5       0x31 output\obj\debug\drivers\stm32f0xx_hal_driver\src\stm32f0xx_ll_utils.o
 .ARM.attributes
                0x00000126       0x1b output\obj\debug\startup\startup_stm32f0xx.o
 .ARM.attributes
                0x00000141       0x1e c:/program files (x86)/embitz/1.11/share/em_armgcc/bin/../lib/gcc/arm-none-eabi/5.4.1/armv6-m\libgcc.a(_udivsi3.o)
 .ARM.attributes
                0x0000015f       0x1e c:/program files (x86)/embitz/1.11/share/em_armgcc/bin/../lib/gcc/arm-none-eabi/5.4.1/armv6-m\libgcc.a(_dvmd_tls.o)
 .ARM.attributes
                0x0000017d       0x2c c:/program files (x86)/embitz/1.11/share/em_armgcc/bin/../lib/gcc/arm-none-eabi/5.4.1/../../../../arm-none-eabi/lib/armv6-m\libg.a(lib_a-memset.o)

.debug_frame    0x00000000      0x958
 .debug_frame   0x00000000      0x118 output\obj\debug\core\bsp\unicon\unicon.o
 .debug_frame   0x00000118      0x278 output\obj\debug\core\src\main.o
 .debug_frame   0x00000390       0x9c output\obj\debug\core\src\stm32f0xx_it.o
 .debug_frame   0x0000042c       0x4c output\obj\debug\core\src\system_stm32f0xx.o
 .debug_frame   0x00000478      0x170 output\obj\debug\drivers\stm32f0xx_hal_driver\src\stm32f0xx_ll_gpio.o
 .debug_frame   0x000005e8      0x324 output\obj\debug\drivers\stm32f0xx_hal_driver\src\stm32f0xx_ll_utils.o
 .debug_frame   0x0000090c       0x20 c:/program files (x86)/embitz/1.11/share/em_armgcc/bin/../lib/gcc/arm-none-eabi/5.4.1/armv6-m\libgcc.a(_udivsi3.o)
 .debug_frame   0x0000092c       0x2c c:/program files (x86)/embitz/1.11/share/em_armgcc/bin/../lib/gcc/arm-none-eabi/5.4.1/../../../../arm-none-eabi/lib/armv6-m\libg.a(lib_a-memset.o)
