Archive member included to satisfy reference by file (symbol)

c:/program files (x86)/embitz/1.11/share/em_armgcc/bin/../lib/gcc/arm-none-eabi/5.4.1/armv6-m\libgcc.a(_udivsi3.o)
                              output\obj\debug\core\src\system_stm32f0xx.o (__aeabi_uidiv)
c:/program files (x86)/embitz/1.11/share/em_armgcc/bin/../lib/gcc/arm-none-eabi/5.4.1/armv6-m\libgcc.a(_dvmd_tls.o)
                              c:/program files (x86)/embitz/1.11/share/em_armgcc/bin/../lib/gcc/arm-none-eabi/5.4.1/armv6-m\libgcc.a(_udivsi3.o) (__aeabi_idiv0)
c:/program files (x86)/embitz/1.11/share/em_armgcc/bin/../lib/gcc/arm-none-eabi/5.4.1/../../../../arm-none-eabi/lib/armv6-m\libg.a(lib_a-memset.o)
                              output\obj\debug\core\src\main.o (memset)

Discarded input sections

 .group         0x00000000        0x8 output\obj\debug\core\src\main.o
 .group         0x00000000        0x8 output\obj\debug\core\src\main.o
 .group         0x00000000        0x8 output\obj\debug\core\src\main.o
 .group         0x00000000        0x8 output\obj\debug\core\src\main.o
 .group         0x00000000        0x8 output\obj\debug\core\src\main.o
 .group         0x00000000        0x8 output\obj\debug\core\src\main.o
 .group         0x00000000        0x8 output\obj\debug\core\src\main.o
 .group         0x00000000        0x8 output\obj\debug\core\src\main.o
 .group         0x00000000        0x8 output\obj\debug\core\src\main.o
 .group         0x00000000        0x8 output\obj\debug\core\src\main.o
 .group         0x00000000        0x8 output\obj\debug\core\src\main.o
 .group         0x00000000        0x8 output\obj\debug\core\src\main.o
 .group         0x00000000        0x8 output\obj\debug\core\src\main.o
 .group         0x00000000        0x8 output\obj\debug\core\src\main.o
 .group         0x00000000        0x8 output\obj\debug\core\src\main.o
 .group         0x00000000        0x8 output\obj\debug\core\src\main.o
 .group         0x00000000        0x8 output\obj\debug\core\src\main.o
 .group         0x00000000        0x8 output\obj\debug\core\src\main.o
 .group         0x00000000        0x8 output\obj\debug\core\src\main.o
 .group         0x00000000        0x8 output\obj\debug\core\src\main.o
 .group         0x00000000        0x8 output\obj\debug\core\src\main.o
 .group         0x00000000        0x8 output\obj\debug\core\src\main.o
 .group         0x00000000        0x8 output\obj\debug\core\src\main.o
 .group         0x00000000        0x8 output\obj\debug\core\src\main.o
 .group         0x00000000        0x8 output\obj\debug\core\src\main.o
 .group         0x00000000        0x8 output\obj\debug\core\src\main.o
 .group         0x00000000        0x8 output\obj\debug\core\src\main.o
 .group         0x00000000        0x8 output\obj\debug\core\src\main.o
 .text          0x00000000        0x0 output\obj\debug\core\src\main.o
 .data          0x00000000        0x0 output\obj\debug\core\src\main.o
 .bss           0x00000000        0x0 output\obj\debug\core\src\main.o
 .rodata.CHANNEL_OFFSET_TAB
                0x00000000        0x5 output\obj\debug\core\src\main.o
 .rodata.SHIFT_TAB_ICxx
                0x00000000        0x7 output\obj\debug\core\src\main.o
 .rodata.SHIFT_TAB_CCxP
                0x00000000        0x7 output\obj\debug\core\src\main.o
 .rodata.SHIFT_TAB_OISx
                0x00000000        0x7 output\obj\debug\core\src\main.o
 .group         0x00000000        0x8 output\obj\debug\core\src\stm32f0xx_it.o
 .group         0x00000000        0x8 output\obj\debug\core\src\stm32f0xx_it.o
 .group         0x00000000        0x8 output\obj\debug\core\src\stm32f0xx_it.o
 .group         0x00000000        0x8 output\obj\debug\core\src\stm32f0xx_it.o
 .group         0x00000000        0x8 output\obj\debug\core\src\stm32f0xx_it.o
 .group         0x00000000        0x8 output\obj\debug\core\src\stm32f0xx_it.o
 .group         0x00000000        0x8 output\obj\debug\core\src\stm32f0xx_it.o
 .group         0x00000000        0x8 output\obj\debug\core\src\stm32f0xx_it.o
 .group         0x00000000        0x8 output\obj\debug\core\src\stm32f0xx_it.o
 .group         0x00000000        0x8 output\obj\debug\core\src\stm32f0xx_it.o
 .group         0x00000000        0x8 output\obj\debug\core\src\stm32f0xx_it.o
 .group         0x00000000        0x8 output\obj\debug\core\src\stm32f0xx_it.o
 .group         0x00000000        0x8 output\obj\debug\core\src\stm32f0xx_it.o
 .group         0x00000000        0x8 output\obj\debug\core\src\stm32f0xx_it.o
 .group         0x00000000        0x8 output\obj\debug\core\src\stm32f0xx_it.o
 .group         0x00000000        0x8 output\obj\debug\core\src\stm32f0xx_it.o
 .group         0x00000000        0x8 output\obj\debug\core\src\stm32f0xx_it.o
 .group         0x00000000        0x8 output\obj\debug\core\src\stm32f0xx_it.o
 .group         0x00000000        0x8 output\obj\debug\core\src\stm32f0xx_it.o
 .group         0x00000000        0x8 output\obj\debug\core\src\stm32f0xx_it.o
[...]
Memory Configuration

Name             Origin             Length             Attributes
ROM              0x08000000         0x00010000         xr
RAM              0x20000000         0x00002000         xrw
*default*        0x00000000         0xffffffff

Linker script and memory map

                0x00000400                __HEAP_SIZE = 0x400
                0x00000200                __STACK_SIZE = 0x200

.text           0x08000000     0x27b8
 *(.isr_vector)
 .isr_vector    0x08000000       0xc4 output\obj\debug\startup\startup_stm32f0xx.o
                0x08000000                __isr_vector
 *(.text*)
 .text.NVIC_EnableIRQ
                0x080000c4       0x2c output\obj\debug\core\src\main.o
 .text.NVIC_SetPriority
                0x080000f0       0xdc output\obj\debug\core\src\main.o
 .text.LL_ADC_SetCommonPathInternalCh
                0x080001cc       0x28 output\obj\debug\core\src\main.o
 .text.LL_ADC_SetSamplingTimeCommonChannels
                0x080001f4       0x24 output\obj\debug\core\src\main.o
 .text.LL_ADC_REG_SetSequencerScanDirection
                0x08000218       0x24 output\obj\debug\core\src\main.o
 .text.LL_ADC_REG_SetSequencerChAdd
                0x0800023c       0x24 output\obj\debug\core\src\main.o
 .text.LL_ADC_DisableIT_EOC
                0x08000260       0x20 output\obj\debug\core\src\main.o
 .text.LL_ADC_DisableIT_EOS
                0x08000280       0x20 output\obj\debug\core\src\main.o
 .text.LL_I2C_EnableClockStretching
                0x080002a0       0x20 output\obj\debug\core\src\main.o
 .text.LL_I2C_DisableGeneralCall
                0x080002c0       0x20 output\obj\debug\core\src\main.o
 .text.LL_I2C_SetOwnAddress2
                0x080002e0       0x2c output\obj\debug\core\src\main.o
 .text.LL_I2C_DisableOwnAddress2
                0x0800030c       0x20 output\obj\debug\core\src\main.o
 .text.LL_I2C_EnableAutoEndMode
                0x0800032c       0x20 output\obj\debug\core\src\main.o
 .text.LL_RCC_HSI_Enable
                0x0800034c       0x1c output\obj\debug\core\src\main.o
 .text.LL_RCC_HSI_IsReady
                0x08000368       0x1c output\obj\debug\core\src\main.o
 .text.LL_RCC_HSI_SetCalibTrimming
                0x08000384       0x28 output\obj\debug\core\src\main.o
 .text.LL_RCC_HSI14_Enable
                0x080003ac       0x1c output\obj\debug\core\src\main.o
 .text.LL_RCC_HSI14_IsReady
                0x080003c8       0x1c output\obj\debug\core\src\main.o
 .text.LL_RCC_HSI14_EnableADCControl
                0x080003e4       0x1c output\obj\debug\core\src\main.o
 .text.LL_RCC_HSI14_SetCalibTrimming
                0x08000400       0x28 output\obj\debug\core\src\main.o
 .text.LL_RCC_SetSysClkSource
                0x08000428       0x28 output\obj\debug\core\src\main.o
 .text.LL_RCC_GetSysClkSource
                0x08000450       0x18 output\obj\debug\core\src\main.o
 .text.LL_RCC_SetAHBPrescaler
                0x08000468       0x28 output\obj\debug\core\src\main.o
 .text.LL_RCC_SetAPB1Prescaler
                0x08000490       0x28 output\obj\debug\core\src\main.o
 .text.LL_RCC_SetUSARTClockSource
                0x080004b8       0x34 output\obj\debug\core\src\main.o
 .text.LL_RCC_SetI2CClockSource
                0x080004ec       0x28 output\obj\debug\core\src\main.o
 .text.LL_RCC_PLL_Enable
                0x08000514       0x1c output\obj\debug\core\src\main.o
 .text.LL_RCC_PLL_IsReady
                0x08000530       0x20 output\obj\debug\core\src\main.o
 .text.LL_RCC_PLL_ConfigDomain_SYS
                0x08000550       0x4c output\obj\debug\core\src\main.o
 .text.LL_AHB1_GRP1_EnableClock
                0x0800059c       0x2c output\obj\debug\core\src\main.o
 .text.LL_APB1_GRP1_EnableClock
                0x080005c8       0x2c output\obj\debug\core\src\main.o
 .text.LL_APB1_GRP2_EnableClock
                0x080005f4       0x2c output\obj\debug\core\src\main.o
 .text.LL_SYSCFG_SetEXTISource
                0x08000620       0x4c output\obj\debug\core\src\main.o
 .text.LL_FLASH_SetLatency
                0x0800066c       0x28 output\obj\debug\core\src\main.o
 .text.LL_FLASH_GetLatency
                0x08000694       0x18 output\obj\debug\core\src\main.o
 .text.LL_SYSTICK_SetClkSource
                0x080006ac       0x34 output\obj\debug\core\src\main.o
 .text.LL_TIM_SetOnePulseMode
                0x080006e0       0x24 output\obj\debug\core\src\main.o
 .text.LL_TIM_DisableARRPreload
                0x08000704       0x20 output\obj\debug\core\src\main.o
 .text.LL_TIM_OC_DisableFast
                0x08000724       0x88 output\obj\debug\core\src\main.o
 .text.LL_TIM_OC_EnablePreload
                0x080007ac       0x84 output\obj\debug\core\src\main.o
 .text.LL_TIM_SetTriggerOutput
                0x08000830       0x24 output\obj\debug\core\src\main.o
 .text.LL_TIM_DisableMasterSlaveMode
                0x08000854       0x20 output\obj\debug\core\src\main.o
 .text.LL_USART_Enable
                0x08000874       0x1c output\obj\debug\core\src\main.o
 .text.LL_USART_DisableOverrunDetect
                0x08000890       0x20 output\obj\debug\core\src\main.o
 .text.LL_USART_SetDEDeassertionTime
                0x080008b0       0x28 output\obj\debug\core\src\main.o
 .text.LL_USART_SetDEAssertionTime
                0x080008d8       0x28 output\obj\debug\core\src\main.o
 .text.LL_USART_EnableDEMode
                0x08000900       0x20 output\obj\debug\core\src\main.o
 .text.LL_USART_SetDESignalPolarity
                0x08000920       0x28 output\obj\debug\core\src\main.o
 .text.LL_USART_ConfigAsyncMode
                0x08000948       0x30 output\obj\debug\core\src\main.o
 .text.LL_GPIO_SetPinMode
                0x08000978       0x3c output\obj\debug\core\src\main.o
 .text.LL_GPIO_SetPinPull
                0x080009b4       0x3c output\obj\debug\core\src\main.o
 .text.main     0x080009f0       0x34 output\obj\debug\core\src\main.o
                0x080009f0                main
 .text.SystemClock_Config
                0x08000a24       0xb0 output\obj\debug\core\src\main.o
                0x08000a24                SystemClock_Config
 .text.MX_ADC_Init
                0x08000ad4      0x128 output\obj\debug\core\src\main.o
 .text.MX_I2C1_Init
                0x08000bfc      0x120 output\obj\debug\core\src\main.o
 .text.MX_TIM6_Init
                0x08000d1c       0x78 output\obj\debug\core\src\main.o
 .text.MX_TIM17_Init
                0x08000d94      0x190 output\obj\debug\core\src\main.o
 .text.MX_USART1_UART_Init
                0x08000f24      0x174 output\obj\debug\core\src\main.o
 .text.MX_GPIO_Init
                0x08001098       0x90 output\obj\debug\core\src\main.o
 .text.Error_Handler
                0x08001128        0xc output\obj\debug\core\src\main.o
                0x08001128                Error_Handler
 .text.NMI_Handler
                0x08001134        0xc output\obj\debug\core\src\stm32f0xx_it.o
                0x08001134                NMI_Handler
 .text.HardFault_Handler
                0x08001140        0x8 output\obj\debug\core\src\stm32f0xx_it.o
                0x08001140                HardFault_Handler
 .text.SVC_Handler
                0x08001148        0xc output\obj\debug\core\src\stm32f0xx_it.o
                0x08001148                SVC_Handler
 .text.PendSV_Handler
                0x08001154        0xc output\obj\debug\core\src\stm32f0xx_it.o
                0x08001154                PendSV_Handler
 .text.SysTick_Handler
                0x08001160        0xc output\obj\debug\core\src\stm32f0xx_it.o
                0x08001160                SysTick_Handler
 .text.TIM6_DAC_IRQHandler
                0x0800116c        0xc output\obj\debug\core\src\stm32f0xx_it.o
                0x0800116c                TIM6_DAC_IRQHandler
 .text.TIM17_IRQHandler
                0x08001178        0xc output\obj\debug\core\src\stm32f0xx_it.o
                0x08001178                TIM17_IRQHandler
 .text.USART1_IRQHandler
                0x08001184        0xc output\obj\debug\core\src\stm32f0xx_it.o
                0x08001184                USART1_IRQHandler
 .text.SystemInit
                0x08001190       0x88 output\obj\debug\core\src\system_stm32f0xx.o
                0x08001190                SystemInit
 .text.LL_ADC_IsEnabled
                0x08001218       0x20 output\obj\debug\drivers\stm32f0xx_hal_driver\src\stm32f0xx_ll_adc.o
 .text.LL_ADC_Init
                0x08001238       0x58 output\obj\debug\drivers\stm32f0xx_hal_driver\src\stm32f0xx_ll_adc.o
                0x08001238                LL_ADC_Init
 .text.LL_ADC_REG_Init
                0x08001290       0x64 output\obj\debug\drivers\stm32f0xx_hal_driver\src\stm32f0xx_ll_adc.o
                0x08001290                LL_ADC_REG_Init
 .text.LL_EXTI_EnableIT_0_31
                0x080012f4       0x20 output\obj\debug\drivers\stm32f0xx_hal_driver\src\stm32f0xx_ll_exti.o
 .text.LL_EXTI_DisableIT_0_31
                0x08001314       0x24 output\obj\debug\drivers\stm32f0xx_hal_driver\src\stm32f0xx_ll_exti.o
 .text.LL_EXTI_EnableEvent_0_31
                0x08001338       0x20 output\obj\debug\drivers\stm32f0xx_hal_driver\src\stm32f0xx_ll_exti.o
 .text.LL_EXTI_DisableEvent_0_31
                0x08001358       0x24 output\obj\debug\drivers\stm32f0xx_hal_driver\src\stm32f0xx_ll_exti.o
 .text.LL_EXTI_EnableRisingTrig_0_31
                0x0800137c       0x20 output\obj\debug\drivers\stm32f0xx_hal_driver\src\stm32f0xx_ll_exti.o
 .text.LL_EXTI_DisableRisingTrig_0_31
                0x0800139c       0x24 output\obj\debug\drivers\stm32f0xx_hal_driver\src\stm32f0xx_ll_exti.o
 .text.LL_EXTI_EnableFallingTrig_0_31
                0x080013c0       0x20 output\obj\debug\drivers\stm32f0xx_hal_driver\src\stm32f0xx_ll_exti.o
 .text.LL_EXTI_DisableFallingTrig_0_31
                0x080013e0       0x24 output\obj\debug\drivers\stm32f0xx_hal_driver\src\stm32f0xx_ll_exti.o
 .text.LL_EXTI_Init
                0x08001404      0x104 output\obj\debug\drivers\stm32f0xx_hal_driver\src\stm32f0xx_ll_exti.o
                0x08001404                LL_EXTI_Init
 .text.LL_GPIO_SetPinMode
                0x08001508       0x3c output\obj\debug\drivers\stm32f0xx_hal_driver\src\stm32f0xx_ll_gpio.o
 .text.LL_GPIO_SetPinOutputType
                0x08001544       0x2c output\obj\debug\drivers\stm32f0xx_hal_driver\src\stm32f0xx_ll_gpio.o
 .text.LL_GPIO_SetPinSpeed
                0x08001570       0x3c output\obj\debug\drivers\stm32f0xx_hal_driver\src\stm32f0xx_ll_gpio.o
 .text.LL_GPIO_SetPinPull
                0x080015ac       0x3c output\obj\debug\drivers\stm32f0xx_hal_driver\src\stm32f0xx_ll_gpio.o
 .text.LL_GPIO_SetAFPin_0_7
                0x080015e8       0x4c output\obj\debug\drivers\stm32f0xx_hal_driver\src\stm32f0xx_ll_gpio.o
 .text.LL_GPIO_SetAFPin_8_15
                0x08001634       0x5c output\obj\debug\drivers\stm32f0xx_hal_driver\src\stm32f0xx_ll_gpio.o
 .text.LL_GPIO_Init
                0x08001690       0xcc output\obj\debug\drivers\stm32f0xx_hal_driver\src\stm32f0xx_ll_gpio.o
                0x08001690                LL_GPIO_Init
 .text.LL_I2C_Enable
                0x0800175c       0x1c output\obj\debug\drivers\stm32f0xx_hal_driver\src\stm32f0xx_ll_i2c.o
 .text.LL_I2C_Disable
                0x08001778       0x20 output\obj\debug\drivers\stm32f0xx_hal_driver\src\stm32f0xx_ll_i2c.o
 .text.LL_I2C_ConfigFilters
                0x08001798       0x30 output\obj\debug\drivers\stm32f0xx_hal_driver\src\stm32f0xx_ll_i2c.o
 .text.LL_I2C_SetOwnAddress1
                0x080017c8       0x28 output\obj\debug\drivers\stm32f0xx_hal_driver\src\stm32f0xx_ll_i2c.o
 .text.LL_I2C_EnableOwnAddress1
                0x080017f0       0x20 output\obj\debug\drivers\stm32f0xx_hal_driver\src\stm32f0xx_ll_i2c.o
 .text.LL_I2C_DisableOwnAddress1
                0x08001810       0x20 output\obj\debug\drivers\stm32f0xx_hal_driver\src\stm32f0xx_ll_i2c.o
 .text.LL_I2C_SetTiming
                0x08001830       0x18 output\obj\debug\drivers\stm32f0xx_hal_driver\src\stm32f0xx_ll_i2c.o
 .text.LL_I2C_SetMode
                0x08001848       0x28 output\obj\debug\drivers\stm32f0xx_hal_driver\src\stm32f0xx_ll_i2c.o
 .text.LL_I2C_AcknowledgeNextData
                0x08001870       0x28 output\obj\debug\drivers\stm32f0xx_hal_driver\src\stm32f0xx_ll_i2c.o
 .text.LL_I2C_Init
                0x08001898       0x88 output\obj\debug\drivers\stm32f0xx_hal_driver\src\stm32f0xx_ll_i2c.o
                0x08001898                LL_I2C_Init
 .text.LL_RCC_HSI_IsReady
                0x08001920       0x1c output\obj\debug\drivers\stm32f0xx_hal_driver\src\stm32f0xx_ll_rcc.o
 .text.LL_RCC_LSE_IsReady
                0x0800193c       0x1c output\obj\debug\drivers\stm32f0xx_hal_driver\src\stm32f0xx_ll_rcc.o
 .text.LL_RCC_GetSysClkSource
                0x08001958       0x18 output\obj\debug\drivers\stm32f0xx_hal_driver\src\stm32f0xx_ll_rcc.o
 .text.LL_RCC_GetAHBPrescaler
                0x08001970       0x18 output\obj\debug\drivers\stm32f0xx_hal_driver\src\stm32f0xx_ll_rcc.o
 .text.LL_RCC_GetAPB1Prescaler
                0x08001988       0x18 output\obj\debug\drivers\stm32f0xx_hal_driver\src\stm32f0xx_ll_rcc.o
 .text.LL_RCC_GetUSARTClockSource
                0x080019a0       0x28 output\obj\debug\drivers\stm32f0xx_hal_driver\src\stm32f0xx_ll_rcc.o
 .text.LL_RCC_PLL_GetMainSource
                0x080019c8       0x18 output\obj\debug\drivers\stm32f0xx_hal_driver\src\stm32f0xx_ll_rcc.o
 .text.LL_RCC_PLL_GetMultiplicator
                0x080019e0       0x18 output\obj\debug\drivers\stm32f0xx_hal_driver\src\stm32f0xx_ll_rcc.o
 .text.LL_RCC_PLL_GetPrediv
                0x080019f8       0x18 output\obj\debug\drivers\stm32f0xx_hal_driver\src\stm32f0xx_ll_rcc.o
 .text.LL_RCC_GetSystemClocksFreq
                0x08001a10       0x3c output\obj\debug\drivers\stm32f0xx_hal_driver\src\stm32f0xx_ll_rcc.o
                0x08001a10                LL_RCC_GetSystemClocksFreq
 .text.LL_RCC_GetUSARTClockFreq
                0x08001a4c       0x80 output\obj\debug\drivers\stm32f0xx_hal_driver\src\stm32f0xx_ll_rcc.o
                0x08001a4c                LL_RCC_GetUSARTClockFreq
 .text.RCC_GetSystemClockFreq
                0x08001acc       0x48 output\obj\debug\drivers\stm32f0xx_hal_driver\src\stm32f0xx_ll_rcc.o
                0x08001acc                RCC_GetSystemClockFreq
 .text.RCC_GetHCLKClockFreq
                0x08001b14       0x2c output\obj\debug\drivers\stm32f0xx_hal_driver\src\stm32f0xx_ll_rcc.o
                0x08001b14                RCC_GetHCLKClockFreq
 .text.RCC_GetPCLK1ClockFreq
                0x08001b40       0x28 output\obj\debug\drivers\stm32f0xx_hal_driver\src\stm32f0xx_ll_rcc.o
                0x08001b40                RCC_GetPCLK1ClockFreq
 .text.RCC_PLL_GetFreqDomain_SYS
                0x08001b68       0x70 output\obj\debug\drivers\stm32f0xx_hal_driver\src\stm32f0xx_ll_rcc.o
                0x08001b68                RCC_PLL_GetFreqDomain_SYS
 .text.LL_TIM_SetPrescaler
                0x08001bd8       0x18 output\obj\debug\drivers\stm32f0xx_hal_driver\src\stm32f0xx_ll_tim.o
 .text.LL_TIM_SetAutoReload
                0x08001bf0       0x18 output\obj\debug\drivers\stm32f0xx_hal_driver\src\stm32f0xx_ll_tim.o
 .text.LL_TIM_SetRepetitionCounter
                0x08001c08       0x18 output\obj\debug\drivers\stm32f0xx_hal_driver\src\stm32f0xx_ll_tim.o
 .text.LL_TIM_OC_SetCompareCH1
                0x08001c20       0x18 output\obj\debug\drivers\stm32f0xx_hal_driver\src\stm32f0xx_ll_tim.o
 .text.LL_TIM_OC_SetCompareCH2
                0x08001c38       0x18 output\obj\debug\drivers\stm32f0xx_hal_driver\src\stm32f0xx_ll_tim.o
 .text.LL_TIM_OC_SetCompareCH3
                0x08001c50       0x18 output\obj\debug\drivers\stm32f0xx_hal_driver\src\stm32f0xx_ll_tim.o
 .text.LL_TIM_OC_SetCompareCH4
                0x08001c68       0x18 output\obj\debug\drivers\stm32f0xx_hal_driver\src\stm32f0xx_ll_tim.o
 .text.LL_TIM_GenerateEvent_UPDATE
                0x08001c80       0x1c output\obj\debug\drivers\stm32f0xx_hal_driver\src\stm32f0xx_ll_tim.o
 .text.LL_TIM_Init
                0x08001c9c      0x108 output\obj\debug\drivers\stm32f0xx_hal_driver\src\stm32f0xx_ll_tim.o
                0x08001c9c                LL_TIM_Init
 .text.LL_TIM_OC_Init
                0x08001da4       0x9c output\obj\debug\drivers\stm32f0xx_hal_driver\src\stm32f0xx_ll_tim.o
                0x08001da4                LL_TIM_OC_Init
 .text.LL_TIM_BDTR_Init
                0x08001e40       0xac output\obj\debug\drivers\stm32f0xx_hal_driver\src\stm32f0xx_ll_tim.o
                0x08001e40                LL_TIM_BDTR_Init
 .text.OC1Config
                0x08001eec      0x114 output\obj\debug\drivers\stm32f0xx_hal_driver\src\stm32f0xx_ll_tim.o
 .text.OC2Config
                0x08002000      0x120 output\obj\debug\drivers\stm32f0xx_hal_driver\src\stm32f0xx_ll_tim.o
 .text.OC3Config
                0x08002120      0x120 output\obj\debug\drivers\stm32f0xx_hal_driver\src\stm32f0xx_ll_tim.o
 .text.OC4Config
                0x08002240       0xec output\obj\debug\drivers\stm32f0xx_hal_driver\src\stm32f0xx_ll_tim.o
 .text.LL_USART_IsEnabled
                0x0800232c       0x20 output\obj\debug\drivers\stm32f0xx_hal_driver\src\stm32f0xx_ll_usart.o
 .text.LL_USART_SetStopBitsLength
                0x0800234c       0x28 output\obj\debug\drivers\stm32f0xx_hal_driver\src\stm32f0xx_ll_usart.o
 .text.LL_USART_SetHWFlowCtrl
                0x08002374       0x28 output\obj\debug\drivers\stm32f0xx_hal_driver\src\stm32f0xx_ll_usart.o
 .text.LL_USART_SetBaudRate
                0x0800239c       0x70 output\obj\debug\drivers\stm32f0xx_hal_driver\src\stm32f0xx_ll_usart.o
 .text.LL_USART_Init
                0x0800240c       0xd0 output\obj\debug\drivers\stm32f0xx_hal_driver\src\stm32f0xx_ll_usart.o
                0x0800240c                LL_USART_Init
 .text.LL_InitTick
                0x080024dc       0x34 output\obj\debug\drivers\stm32f0xx_hal_driver\src\stm32f0xx_ll_utils.o
 .text.LL_Init1msTick
                0x08002510       0x20 output\obj\debug\drivers\stm32f0xx_hal_driver\src\stm32f0xx_ll_utils.o
                0x08002510                LL_Init1msTick
 .text.LL_SetSystemCoreClock
                0x08002530       0x1c output\obj\debug\drivers\stm32f0xx_hal_driver\src\stm32f0xx_ll_utils.o
                0x08002530                LL_SetSystemCoreClock
 .text          0x0800254c       0xa0 output\obj\debug\startup\startup_stm32f0xx.o
                0x0800254c                Reset_Handler
                0x08002580                _start
                0x080025a0                Default_Handler
                0x080025a2                WWDG_IRQHandler
                0x080025a4                PVD_IRQHandler
                0x080025a6                RTC_IRQHandler
                0x080025a8                FLASH_IRQHandler
                0x080025aa                RCC_IRQHandler
                0x080025ac                EXTI0_1_IRQHandler
                0x080025ae                EXTI2_3_IRQHandler
                0x080025b0                EXTI4_15_IRQHandler
                0x080025b2                TS_IRQHandler
                0x080025b4                DMA1_Channel1_IRQHandler
                0x080025b6                DMA1_Channel2_3_IRQHandler
                0x080025b8                DMA1_Channel4_5_IRQHandler
                0x080025ba                ADC1_COMP_IRQHandler
                0x080025bc                TIM1_BRK_UP_TRG_COM_IRQHandler
                0x080025be                TIM1_CC_IRQHandler
                0x080025c0                TIM2_IRQHandler
                0x080025c2                TIM3_IRQHandler
                0x080025c6                TIM7_IRQHandler
                0x080025c8                TIM14_IRQHandler
                0x080025ca                TIM15_IRQHandler
                0x080025cc                TIM16_IRQHandler
                0x080025d0                I2C1_IRQHandler
                0x080025d2                I2C2_IRQHandler
                0x080025d4                SPI1_IRQHandler
                0x080025d6                SPI2_IRQHandler
                0x080025da                USART2_IRQHandler
                0x080025dc                USART3_4_IRQHandler
                0x080025de                CEC_IRQHandler
                0x080025e0                USB_IRQHandler
                0x080025e2                BootRAM
 .text          0x080025ec      0x114 c:/program files (x86)/embitz/1.11/share/em_armgcc/bin/../lib/gcc/arm-none-eabi/5.4.1/armv6-m\libgcc.a(_udivsi3.o)
                0x080025ec                __aeabi_uidiv
                0x080025ec                __udivsi3
                0x080026f8                __aeabi_uidivmod
 .text          0x08002700        0x4 c:/program files (x86)/embitz/1.11/share/em_armgcc/bin/../lib/gcc/arm-none-eabi/5.4.1/armv6-m\libgcc.a(_dvmd_tls.o)
                0x08002700                __aeabi_idiv0
                0x08002700                __aeabi_ldiv0
 .text.memset   0x08002704       0x8c c:/program files (x86)/embitz/1.11/share/em_armgcc/bin/../lib/gcc/arm-none-eabi/5.4.1/../../../../arm-none-eabi/lib/armv6-m\libg.a(lib_a-memset.o)
                0x08002704                memset
 *(.init)
 *(.fini)
 *crtbegin.o(.ctors)
 *crtbegin?.o(.ctors)
 *(EXCLUDE_FILE(*crtend.o *crtend?.o) .ctors)
 *(SORT(.ctors.*))
 *(.ctors)
 *crtbegin.o(.dtors)
 *crtbegin?.o(.dtors)
 *(EXCLUDE_FILE(*crtend.o *crtend?.o) .dtors)
 *(SORT(.dtors.*))
 *(.dtors)
 *(.rodata*)
 .rodata.OFFSET_TAB_CCMRx
                0x08002790        0x7 output\obj\debug\core\src\main.o
 *fill*         0x08002797        0x1 
 .rodata.SHIFT_TAB_OCxx
                0x08002798        0x7 output\obj\debug\core\src\main.o
 *fill*         0x0800279f        0x1 
 .rodata.AHBPrescTable
                0x080027a0       0x10 output\obj\debug\core\src\system_stm32f0xx.o
                0x080027a0                AHBPrescTable
 .rodata.APBPrescTable
                0x080027b0        0x8 output\obj\debug\core\src\system_stm32f0xx.o
                0x080027b0                APBPrescTable
 *(.eh_frame*)

.glue_7         0x080027b8        0x0
 .glue_7        0x080027b8        0x0 linker stubs

.glue_7t        0x080027b8        0x0
 .glue_7t       0x080027b8        0x0 linker stubs

.vfp11_veneer   0x080027b8        0x0
 .vfp11_veneer  0x080027b8        0x0 linker stubs

.v4_bx          0x080027b8        0x0
 .v4_bx         0x080027b8        0x0 linker stubs

.iplt           0x080027b8        0x0
 .iplt          0x080027b8        0x0 output\obj\debug\core\src\main.o

.rel.dyn        0x080027b8        0x0
 .rel.iplt      0x080027b8        0x0 output\obj\debug\core\src\main.o

.ARM.extab
 *(.ARM.extab* .gnu.linkonce.armextab.*)
                0x080027b8                __exidx_start = .

.ARM.exidx
 *(.ARM.exidx* .gnu.linkonce.armexidx.*)
                0x080027b8                __exidx_end = .
                0x080027b8                __etext = .

.data           0x20000000        0x4 load address 0x080027b8
                0x20000000                __data_start__ = .
 *(vtable)
 *(.data*)
 .data.SystemCoreClock
                0x20000000        0x4 output\obj\debug\core\src\system_stm32f0xx.o
                0x20000000                SystemCoreClock
                0x20000004                . = ALIGN (0x4)
                [!provide]                PROVIDE (__preinit_array_start, .)
 *(.preinit_array)
                [!provide]                PROVIDE (__preinit_array_end, .)
                0x20000004                . = ALIGN (0x4)
                [!provide]                PROVIDE (__init_array_start, .)
 *(SORT(.init_array.*))
 *(.init_array)
                [!provide]                PROVIDE (__init_array_end, .)
                0x20000004                . = ALIGN (0x4)
                [!provide]                PROVIDE (__fini_array_start, .)
 *(SORT(.fini_array.*))
 *(.fini_array)
                [!provide]                PROVIDE (__fini_array_end, .)
                0x20000004                . = ALIGN (0x4)
                0x20000004                __data_end__ = .

.igot.plt       0x20000004        0x0 load address 0x080027bc
 .igot.plt      0x20000004        0x0 output\obj\debug\core\src\main.o

.bss            0x20000004        0x0
                0x20000004                __bss_start__ = .
 *(.bss*)
 *(COMMON)
                0x20000004                __bss_end__ = .

.heap           0x20000008      0x400
                0x20000008                __end__ = .
                0x20000008                end = __end__
 *(.heap*)
 .heap          0x20000008      0x400 output\obj\debug\startup\startup_stm32f0xx.o
                0x20000008                __HeapBase
                0x20000408                __HeapLimit = .

.stack_dummy    0x20000008      0x200
 *(.stack)
 .stack         0x20000008      0x200 output\obj\debug\startup\startup_stm32f0xx.o
                0x20002000                __StackTop = (ORIGIN (RAM) + LENGTH (RAM))
                0x20001e00                __StackLimit = (__StackTop - SIZEOF (.stack_dummy))
                [!provide]                PROVIDE (__stack, __StackTop)
                0x00000001                ASSERT ((__StackLimit >= __HeapLimit), region RAM overflowed with stack)
LOAD output\obj\debug\core\src\main.o
LOAD output\obj\debug\core\src\stm32f0xx_it.o
LOAD output\obj\debug\core\src\system_stm32f0xx.o
LOAD output\obj\debug\drivers\cmsis\device\st\stm32f0xx\source\templates\system_stm32f0xx.o
LOAD output\obj\debug\drivers\stm32f0xx_hal_driver\src\stm32f0xx_ll_adc.o
LOAD output\obj\debug\drivers\stm32f0xx_hal_driver\src\stm32f0xx_ll_dma.o
LOAD output\obj\debug\drivers\stm32f0xx_hal_driver\src\stm32f0xx_ll_exti.o
LOAD output\obj\debug\drivers\stm32f0xx_hal_driver\src\stm32f0xx_ll_gpio.o
LOAD output\obj\debug\drivers\stm32f0xx_hal_driver\src\stm32f0xx_ll_i2c.o
LOAD output\obj\debug\drivers\stm32f0xx_hal_driver\src\stm32f0xx_ll_pwr.o
LOAD output\obj\debug\drivers\stm32f0xx_hal_driver\src\stm32f0xx_ll_rcc.o
LOAD output\obj\debug\drivers\stm32f0xx_hal_driver\src\stm32f0xx_ll_tim.o
LOAD output\obj\debug\drivers\stm32f0xx_hal_driver\src\stm32f0xx_ll_usart.o
LOAD output\obj\debug\drivers\stm32f0xx_hal_driver\src\stm32f0xx_ll_utils.o
LOAD output\obj\debug\startup\startup_stm32f0xx.o
LOAD c:/program files (x86)/embitz/1.11/share/em_armgcc/bin/../lib/gcc/arm-none-eabi/5.4.1/../../../../arm-none-eabi/lib/armv6-m\libm.a
START GROUP
LOAD c:/program files (x86)/embitz/1.11/share/em_armgcc/bin/../lib/gcc/arm-none-eabi/5.4.1/armv6-m\libgcc.a
LOAD c:/program files (x86)/embitz/1.11/share/em_armgcc/bin/../lib/gcc/arm-none-eabi/5.4.1/../../../../arm-none-eabi/lib/armv6-m\libg.a
LOAD c:/program files (x86)/embitz/1.11/share/em_armgcc/bin/../lib/gcc/arm-none-eabi/5.4.1/../../../../arm-none-eabi/lib/armv6-m\libc.a
END GROUP
START GROUP
LOAD c:/program files (x86)/embitz/1.11/share/em_armgcc/bin/../lib/gcc/arm-none-eabi/5.4.1/armv6-m\libgcc.a
LOAD c:/program files (x86)/embitz/1.11/share/em_armgcc/bin/../lib/gcc/arm-none-eabi/5.4.1/../../../../arm-none-eabi/lib/armv6-m\libc.a
LOAD c:/program files (x86)/embitz/1.11/share/em_armgcc/bin/../lib/gcc/arm-none-eabi/5.4.1/../../../../arm-none-eabi/lib/armv6-m\libnosys.a
END GROUP
OUTPUT(Output\bin\Debug\stepper_stm.elf elf32-littlearm)

.debug_info     0x00000000     0x503a
 .debug_info    0x00000000     0x179a output\obj\debug\core\src\main.o
 .debug_info    0x0000179a      0x1d4 output\obj\debug\core\src\stm32f0xx_it.o
 .debug_info    0x0000196e      0x239 output\obj\debug\core\src\system_stm32f0xx.o
 .debug_info    0x00001ba7      0x5ce output\obj\debug\drivers\stm32f0xx_hal_driver\src\stm32f0xx_ll_adc.o
 .debug_info    0x00002175      0x338 output\obj\debug\drivers\stm32f0xx_hal_driver\src\stm32f0xx_ll_exti.o
 .debug_info    0x000024ad      0x522 output\obj\debug\drivers\stm32f0xx_hal_driver\src\stm32f0xx_ll_gpio.o
 .debug_info    0x000029cf      0x531 output\obj\debug\drivers\stm32f0xx_hal_driver\src\stm32f0xx_ll_i2c.o
 .debug_info    0x00002f00      0x587 output\obj\debug\drivers\stm32f0xx_hal_driver\src\stm32f0xx_ll_rcc.o
 .debug_info    0x00003487      0xdde output\obj\debug\drivers\stm32f0xx_hal_driver\src\stm32f0xx_ll_tim.o
 .debug_info    0x00004265      0x63e output\obj\debug\drivers\stm32f0xx_hal_driver\src\stm32f0xx_ll_usart.o
 .debug_info    0x000048a3      0x734 output\obj\debug\drivers\stm32f0xx_hal_driver\src\stm32f0xx_ll_utils.o
 .debug_info    0x00004fd7       0x63 output\obj\debug\startup\startup_stm32f0xx.o

.debug_abbrev   0x00000000     0x1075
 .debug_abbrev  0x00000000      0x235 output\obj\debug\core\src\main.o
 .debug_abbrev  0x00000235       0x7a output\obj\debug\core\src\stm32f0xx_it.o
 .debug_abbrev  0x000002af       0xf3 output\obj\debug\core\src\system_stm32f0xx.o
 .debug_abbrev  0x000003a2      0x1af output\obj\debug\drivers\stm32f0xx_hal_driver\src\stm32f0xx_ll_adc.o
 .debug_abbrev  0x00000551      0x149 output\obj\debug\drivers\stm32f0xx_hal_driver\src\stm32f0xx_ll_exti.o
 .debug_abbrev  0x0000069a      0x15f output\obj\debug\drivers\stm32f0xx_hal_driver\src\stm32f0xx_ll_gpio.o
 .debug_abbrev  0x000007f9      0x12f output\obj\debug\drivers\stm32f0xx_hal_driver\src\stm32f0xx_ll_i2c.o
 .debug_abbrev  0x00000928      0x1ce output\obj\debug\drivers\stm32f0xx_hal_driver\src\stm32f0xx_ll_rcc.o
 .debug_abbrev  0x00000af6      0x1c5 output\obj\debug\drivers\stm32f0xx_hal_driver\src\stm32f0xx_ll_tim.o
 .debug_abbrev  0x00000cbb      0x1a6 output\obj\debug\drivers\stm32f0xx_hal_driver\src\stm32f0xx_ll_usart.o
 .debug_abbrev  0x00000e61      0x200 output\obj\debug\drivers\stm32f0xx_hal_driver\src\stm32f0xx_ll_utils.o
 .debug_abbrev  0x00001061       0x14 output\obj\debug\startup\startup_stm32f0xx.o

.debug_aranges  0x00000000      0x810
 .debug_aranges
                0x00000000      0x1f8 output\obj\debug\core\src\main.o
 .debug_aranges
                0x000001f8       0x58 output\obj\debug\core\src\stm32f0xx_it.o
 .debug_aranges
                0x00000250       0x28 output\obj\debug\core\src\system_stm32f0xx.o
 .debug_aranges
                0x00000278       0x90 output\obj\debug\drivers\stm32f0xx_hal_driver\src\stm32f0xx_ll_adc.o
 .debug_aranges
                0x00000308       0x70 output\obj\debug\drivers\stm32f0xx_hal_driver\src\stm32f0xx_ll_exti.o
 .debug_aranges
                0x00000378       0x70 output\obj\debug\drivers\stm32f0xx_hal_driver\src\stm32f0xx_ll_gpio.o
 .debug_aranges
                0x000003e8       0x88 output\obj\debug\drivers\stm32f0xx_hal_driver\src\stm32f0xx_ll_i2c.o
 .debug_aranges
                0x00000470       0xe8 output\obj\debug\drivers\stm32f0xx_hal_driver\src\stm32f0xx_ll_rcc.o
 .debug_aranges
                0x00000558      0x128 output\obj\debug\drivers\stm32f0xx_hal_driver\src\stm32f0xx_ll_tim.o
 .debug_aranges
                0x00000680       0x88 output\obj\debug\drivers\stm32f0xx_hal_driver\src\stm32f0xx_ll_usart.o
 .debug_aranges
                0x00000708       0xe8 output\obj\debug\drivers\stm32f0xx_hal_driver\src\stm32f0xx_ll_utils.o
 .debug_aranges
                0x000007f0       0x20 output\obj\debug\startup\startup_stm32f0xx.o

.debug_ranges   0x00000000      0x740
 .debug_ranges  0x00000000      0x1e8 output\obj\debug\core\src\main.o
 .debug_ranges  0x000001e8       0x48 output\obj\debug\core\src\stm32f0xx_it.o
 .debug_ranges  0x00000230       0x18 output\obj\debug\core\src\system_stm32f0xx.o
 .debug_ranges  0x00000248       0x80 output\obj\debug\drivers\stm32f0xx_hal_driver\src\stm32f0xx_ll_adc.o
 .debug_ranges  0x000002c8       0x60 output\obj\debug\drivers\stm32f0xx_hal_driver\src\stm32f0xx_ll_exti.o
 .debug_ranges  0x00000328       0x60 output\obj\debug\drivers\stm32f0xx_hal_driver\src\stm32f0xx_ll_gpio.o
 .debug_ranges  0x00000388       0x78 output\obj\debug\drivers\stm32f0xx_hal_driver\src\stm32f0xx_ll_i2c.o
 .debug_ranges  0x00000400       0xd8 output\obj\debug\drivers\stm32f0xx_hal_driver\src\stm32f0xx_ll_rcc.o
 .debug_ranges  0x000004d8      0x118 output\obj\debug\drivers\stm32f0xx_hal_driver\src\stm32f0xx_ll_tim.o
 .debug_ranges  0x000005f0       0x78 output\obj\debug\drivers\stm32f0xx_hal_driver\src\stm32f0xx_ll_usart.o
 .debug_ranges  0x00000668       0xd8 output\obj\debug\drivers\stm32f0xx_hal_driver\src\stm32f0xx_ll_utils.o

.debug_macro    0x00000000     0xd724
 .debug_macro   0x00000000      0x153 output\obj\debug\core\src\main.o
 .debug_macro   0x00000153      0x832 output\obj\debug\core\src\main.o
 .debug_macro   0x00000985       0x2e output\obj\debug\core\src\main.o
 .debug_macro   0x000009b3       0x22 output\obj\debug\core\src\main.o
 .debug_macro   0x000009d5       0x22 output\obj\debug\core\src\main.o
 .debug_macro   0x000009f7       0x87 output\obj\debug\core\src\main.o
 .debug_macro   0x00000a7e       0x44 output\obj\debug\core\src\main.o
 .debug_macro   0x00000ac2       0xfd output\obj\debug\core\src\main.o
 .debug_macro   0x00000bbf       0x5e output\obj\debug\core\src\main.o
 .debug_macro   0x00000c1d      0x1df output\obj\debug\core\src\main.o
 .debug_macro   0x00000dfc       0x34 output\obj\debug\core\src\main.o
 .debug_macro   0x00000e30       0x26 output\obj\debug\core\src\main.o
 .debug_macro   0x00000e56      0x30d output\obj\debug\core\src\main.o
 .debug_macro   0x00001163     0x8d15 output\obj\debug\core\src\main.o
 .debug_macro   0x00009e78       0x3c output\obj\debug\core\src\main.o
 .debug_macro   0x00009eb4      0x5d7 output\obj\debug\core\src\main.o
 .debug_macro   0x0000a48b      0x24f output\obj\debug\core\src\main.o
 .debug_macro   0x0000a6da      0x3fe output\obj\debug\core\src\main.o
 .debug_macro   0x0000aad8       0xe9 output\obj\debug\core\src\main.o
 .debug_macro   0x0000abc1      0x184 output\obj\debug\core\src\main.o
 .debug_macro   0x0000ad45       0xf9 output\obj\debug\core\src\main.o
 .debug_macro   0x0000ae3e       0x16 output\obj\debug\core\src\main.o
 .debug_macro   0x0000ae54       0x2a output\obj\debug\core\src\main.o
 .debug_macro   0x0000ae7e       0xae output\obj\debug\core\src\main.o
 .debug_macro   0x0000af2c      0x215 output\obj\debug\core\src\main.o
 .debug_macro   0x0000b141      0x5c7 output\obj\debug\core\src\main.o
 .debug_macro   0x0000b708      0x2e2 output\obj\debug\core\src\main.o
 .debug_macro   0x0000b9ea      0x12c output\obj\debug\core\src\main.o
 .debug_macro   0x0000bb16       0x40 output\obj\debug\core\src\main.o
 .debug_macro   0x0000bb56      0x15d output\obj\debug\core\src\stm32f0xx_it.o
 .debug_macro   0x0000bcb3       0xd1 output\obj\debug\core\src\system_stm32f0xx.o
 .debug_macro   0x0000bd84      0x12a output\obj\debug\drivers\stm32f0xx_hal_driver\src\stm32f0xx_ll_adc.o
 .debug_macro   0x0000beae       0xe6 output\obj\debug\drivers\stm32f0xx_hal_driver\src\stm32f0xx_ll_exti.o
 .debug_macro   0x0000bf94       0xf3 output\obj\debug\drivers\stm32f0xx_hal_driver\src\stm32f0xx_ll_exti.o
 .debug_macro   0x0000c087      0x101 output\obj\debug\drivers\stm32f0xx_hal_driver\src\stm32f0xx_ll_gpio.o
 .debug_macro   0x0000c188      0x126 output\obj\debug\drivers\stm32f0xx_hal_driver\src\stm32f0xx_ll_gpio.o
 .debug_macro   0x0000c2ae      0x101 output\obj\debug\drivers\stm32f0xx_hal_driver\src\stm32f0xx_ll_i2c.o
 .debug_macro   0x0000c3af      0x249 output\obj\debug\drivers\stm32f0xx_hal_driver\src\stm32f0xx_ll_i2c.o
 .debug_macro   0x0000c5f8       0xe6 output\obj\debug\drivers\stm32f0xx_hal_driver\src\stm32f0xx_ll_rcc.o
 .debug_macro   0x0000c6de      0x3f8 output\obj\debug\drivers\stm32f0xx_hal_driver\src\stm32f0xx_ll_rcc.o
 .debug_macro   0x0000cad6      0x14f output\obj\debug\drivers\stm32f0xx_hal_driver\src\stm32f0xx_ll_tim.o
 .debug_macro   0x0000cc25      0x5c1 output\obj\debug\drivers\stm32f0xx_hal_driver\src\stm32f0xx_ll_tim.o
 .debug_macro   0x0000d1e6      0x134 output\obj\debug\drivers\stm32f0xx_hal_driver\src\stm32f0xx_ll_usart.o
 .debug_macro   0x0000d31a      0x2dc output\obj\debug\drivers\stm32f0xx_hal_driver\src\stm32f0xx_ll_usart.o
 .debug_macro   0x0000d5f6      0x12e output\obj\debug\drivers\stm32f0xx_hal_driver\src\stm32f0xx_ll_utils.o

.debug_line     0x00000000     0x394a
 .debug_line    0x00000000      0xa52 output\obj\debug\core\src\main.o
 .debug_line    0x00000a52      0x4af output\obj\debug\core\src\stm32f0xx_it.o
 .debug_line    0x00000f01      0x2e2 output\obj\debug\core\src\system_stm32f0xx.o
 .debug_line    0x000011e3      0x465 output\obj\debug\drivers\stm32f0xx_hal_driver\src\stm32f0xx_ll_adc.o
 .debug_line    0x00001648      0x3e5 output\obj\debug\drivers\stm32f0xx_hal_driver\src\stm32f0xx_ll_exti.o
 .debug_line    0x00001a2d      0x419 output\obj\debug\drivers\stm32f0xx_hal_driver\src\stm32f0xx_ll_gpio.o
 .debug_line    0x00001e46      0x424 output\obj\debug\drivers\stm32f0xx_hal_driver\src\stm32f0xx_ll_i2c.o
 .debug_line    0x0000226a      0x52b output\obj\debug\drivers\stm32f0xx_hal_driver\src\stm32f0xx_ll_rcc.o
 .debug_line    0x00002795      0x738 output\obj\debug\drivers\stm32f0xx_hal_driver\src\stm32f0xx_ll_tim.o
 .debug_line    0x00002ecd      0x46e output\obj\debug\drivers\stm32f0xx_hal_driver\src\stm32f0xx_ll_usart.o
 .debug_line    0x0000333b      0x572 output\obj\debug\drivers\stm32f0xx_hal_driver\src\stm32f0xx_ll_utils.o
 .debug_line    0x000038ad       0x9d output\obj\debug\startup\startup_stm32f0xx.o

.debug_str      0x00000000    0x47a0e
 .debug_str     0x00000000    0x43942 output\obj\debug\core\src\main.o
                              0x43c2e (size before relaxing)
 .debug_str     0x00043942       0x96 output\obj\debug\core\src\stm32f0xx_it.o
                              0x42eb3 (size before relaxing)
 .debug_str     0x000439d8       0xd5 output\obj\debug\core\src\system_stm32f0xx.o
                              0x35216 (size before relaxing)
 .debug_str     0x00043aad      0xa3a output\obj\debug\drivers\stm32f0xx_hal_driver\src\stm32f0xx_ll_adc.o
                              0x3a2c3 (size before relaxing)
 .debug_str     0x000444e7      0x31d output\obj\debug\drivers\stm32f0xx_hal_driver\src\stm32f0xx_ll_exti.o
                              0x35980 (size before relaxing)
 .debug_str     0x00044804      0x4f5 output\obj\debug\drivers\stm32f0xx_hal_driver\src\stm32f0xx_ll_gpio.o
                              0x363ef (size before relaxing)
 .debug_str     0x00044cf9      0x3f8 output\obj\debug\drivers\stm32f0xx_hal_driver\src\stm32f0xx_ll_i2c.o
                              0x36b64 (size before relaxing)
 .debug_str     0x000450f1      0x38d output\obj\debug\drivers\stm32f0xx_hal_driver\src\stm32f0xx_ll_rcc.o
                              0x3710d (size before relaxing)
 .debug_str     0x0004547e     0x11cd output\obj\debug\drivers\stm32f0xx_hal_driver\src\stm32f0xx_ll_tim.o
                              0x39af3 (size before relaxing)
 .debug_str     0x0004664b      0x81c output\obj\debug\drivers\stm32f0xx_hal_driver\src\stm32f0xx_ll_usart.o
                              0x38c78 (size before relaxing)
 .debug_str     0x00046e67      0xba7 output\obj\debug\drivers\stm32f0xx_hal_driver\src\stm32f0xx_ll_utils.o
                              0x3872c (size before relaxing)

.comment        0x00000000       0x6e
 .comment       0x00000000       0x6e output\obj\debug\core\src\main.o
                                 0x6f (size before relaxing)
 .comment       0x0000006e       0x6f output\obj\debug\core\src\stm32f0xx_it.o
 .comment       0x0000006e       0x6f output\obj\debug\core\src\system_stm32f0xx.o
 .comment       0x0000006e       0x6f output\obj\debug\drivers\stm32f0xx_hal_driver\src\stm32f0xx_ll_adc.o
 .comment       0x0000006e       0x6f output\obj\debug\drivers\stm32f0xx_hal_driver\src\stm32f0xx_ll_exti.o
 .comment       0x0000006e       0x6f output\obj\debug\drivers\stm32f0xx_hal_driver\src\stm32f0xx_ll_gpio.o
 .comment       0x0000006e       0x6f output\obj\debug\drivers\stm32f0xx_hal_driver\src\stm32f0xx_ll_i2c.o
 .comment       0x0000006e       0x6f output\obj\debug\drivers\stm32f0xx_hal_driver\src\stm32f0xx_ll_rcc.o
 .comment       0x0000006e       0x6f output\obj\debug\drivers\stm32f0xx_hal_driver\src\stm32f0xx_ll_tim.o
 .comment       0x0000006e       0x6f output\obj\debug\drivers\stm32f0xx_hal_driver\src\stm32f0xx_ll_usart.o
 .comment       0x0000006e       0x6f output\obj\debug\drivers\stm32f0xx_hal_driver\src\stm32f0xx_ll_utils.o

.ARM.attributes
                0x00000000       0x2f
 .ARM.attributes
                0x00000000       0x31 output\obj\debug\core\src\main.o
 .ARM.attributes
                0x00000031       0x31 output\obj\debug\core\src\stm32f0xx_it.o
 .ARM.attributes
                0x00000062       0x31 output\obj\debug\core\src\system_stm32f0xx.o
 .ARM.attributes
                0x00000093       0x31 output\obj\debug\drivers\stm32f0xx_hal_driver\src\stm32f0xx_ll_adc.o
 .ARM.attributes
                0x000000c4       0x31 output\obj\debug\drivers\stm32f0xx_hal_driver\src\stm32f0xx_ll_exti.o
 .ARM.attributes
                0x000000f5       0x31 output\obj\debug\drivers\stm32f0xx_hal_driver\src\stm32f0xx_ll_gpio.o
 .ARM.attributes
                0x00000126       0x31 output\obj\debug\drivers\stm32f0xx_hal_driver\src\stm32f0xx_ll_i2c.o
 .ARM.attributes
                0x00000157       0x31 output\obj\debug\drivers\stm32f0xx_hal_driver\src\stm32f0xx_ll_rcc.o
 .ARM.attributes
                0x00000188       0x31 output\obj\debug\drivers\stm32f0xx_hal_driver\src\stm32f0xx_ll_tim.o
 .ARM.attributes
                0x000001b9       0x31 output\obj\debug\drivers\stm32f0xx_hal_driver\src\stm32f0xx_ll_usart.o
 .ARM.attributes
                0x000001ea       0x31 output\obj\debug\drivers\stm32f0xx_hal_driver\src\stm32f0xx_ll_utils.o
 .ARM.attributes
                0x0000021b       0x1b output\obj\debug\startup\startup_stm32f0xx.o
 .ARM.attributes
                0x00000236       0x1e c:/program files (x86)/embitz/1.11/share/em_armgcc/bin/../lib/gcc/arm-none-eabi/5.4.1/armv6-m\libgcc.a(_udivsi3.o)
 .ARM.attributes
                0x00000254       0x1e c:/program files (x86)/embitz/1.11/share/em_armgcc/bin/../lib/gcc/arm-none-eabi/5.4.1/armv6-m\libgcc.a(_dvmd_tls.o)
 .ARM.attributes
                0x00000272       0x2c c:/program files (x86)/embitz/1.11/share/em_armgcc/bin/../lib/gcc/arm-none-eabi/5.4.1/../../../../arm-none-eabi/lib/armv6-m\libg.a(lib_a-memset.o)

.debug_frame    0x00000000     0x1bf8
 .debug_frame   0x00000000      0x76c output\obj\debug\core\src\main.o
 .debug_frame   0x0000076c       0xf0 output\obj\debug\core\src\stm32f0xx_it.o
 .debug_frame   0x0000085c       0x4c output\obj\debug\core\src\system_stm32f0xx.o
 .debug_frame   0x000008a8      0x1f0 output\obj\debug\drivers\stm32f0xx_hal_driver\src\stm32f0xx_ll_adc.o
 .debug_frame   0x00000a98      0x16c output\obj\debug\drivers\stm32f0xx_hal_driver\src\stm32f0xx_ll_exti.o
 .debug_frame   0x00000c04      0x170 output\obj\debug\drivers\stm32f0xx_hal_driver\src\stm32f0xx_ll_gpio.o
 .debug_frame   0x00000d74      0x1d0 output\obj\debug\drivers\stm32f0xx_hal_driver\src\stm32f0xx_ll_i2c.o
 .debug_frame   0x00000f44      0x320 output\obj\debug\drivers\stm32f0xx_hal_driver\src\stm32f0xx_ll_rcc.o
 .debug_frame   0x00001264      0x450 output\obj\debug\drivers\stm32f0xx_hal_driver\src\stm32f0xx_ll_tim.o
 .debug_frame   0x000016b4      0x1d4 output\obj\debug\drivers\stm32f0xx_hal_driver\src\stm32f0xx_ll_usart.o
 .debug_frame   0x00001888      0x324 output\obj\debug\drivers\stm32f0xx_hal_driver\src\stm32f0xx_ll_utils.o
 .debug_frame   0x00001bac       0x20 c:/program files (x86)/embitz/1.11/share/em_armgcc/bin/../lib/gcc/arm-none-eabi/5.4.1/armv6-m\libgcc.a(_udivsi3.o)
 .debug_frame   0x00001bcc       0x2c c:/program files (x86)/embitz/1.11/share/em_armgcc/bin/../lib/gcc/arm-none-eabi/5.4.1/../../../../arm-none-eabi/lib/armv6-m\libg.a(lib_a-memset.o)
